
> mon-portfolio@0.1.0 build
> react-scripts build

node.exe : [baseline-brows
er-mapping] The data in 
this module is over two 
months old.  To ensure 
accurate Baseline data, 
please update: `npm i base
line-browser-mapping@lates
t -D`
Au caractère Ligne:1 : 1
+ & "C:\Program 
Files\nodejs/node.exe" 
"C:\Program 
Files\nodejs/node_mo ...
+ ~~~~~~~~~~~~~~~~~~~~~~~~
~~~~~~~~~~~~~~~~~~~~~~~~~~
~~~~~~~~~~~~~~~~~~~
    + CategoryInfo        
      : NotSpecified: ([  
  baseline-brows...ping   
 @latest -D`:String) [    
], RemoteException
    + FullyQualifiedError 
   Id : NativeCommandErr  
  or
 
(node:19492) [DEP0176] 
DeprecationWarning: 
fs.F_OK is deprecated, 
use fs.constants.F_OK 
instead
(Use `node 
--trace-deprecation ...` 
to show where the warning 
was created)
Creating an optimized production build...
[baseline-browser-mapping]
 The data in this module 
is over two months old.  
To ensure accurate 
Baseline data, please 
update: `npm i baseline-br
owser-mapping@latest -D`

Treating warnings as errors because process.env.CI = true.
Most CI servers set it automatically.

Failed to compile.

[eslint] 
src\components\About.js
  Line 22:9:   'experiences' is assigned a value but never used                                                                                                                                                                                                                     no-unused-vars
  Line 44:39:  The ref value 'sectionRef.current' will likely have changed by the time this effect cleanup function runs. If this ref points to a node rendered by React, copy 'sectionRef.current' to a variable inside the effect, and use that variable in the cleanup function  react-hooks/exhaustive-deps
  Line 59:48:  Comments inside children section of tag should be placed inside braces                                                                                                                                                                                               react/jsx-no-comment-textnodes

src\components\Contact.js
  Line 25:39:  The ref value 'sectionRef.current' will likely have changed by the time this effect cleanup function runs. If this ref points to a node rendered by React, copy 'sectionRef.current' to a variable inside the effect, and use that variable in the cleanup function  react-hooks/exhaustive-deps

src\components\Hero.js
  Line 10:9:  The 'roles' array makes the dependencies of useEffect Hook (at line 39) change on every render. Move it inside the useEffect callback. Alternatively, wrap the initialization of 'roles' in its own useMemo() Hook  react-hooks/exhaustive-deps

src\components\Projects.js
  Line 11:10:   'hoveredProject' is assigned a value but never used                                                                                                                                                                                                                  no-unused-vars
  Line 54:6:    React Hook useEffect has missing dependencies: 'nextModalImage' and 'prevModalImage'. Either include them or remove the dependency array                                                                                                                             react-hooks/exhaustive-deps
  Line 172:39:  The ref value 'sectionRef.current' will likely have changed by the time this effect cleanup function runs. If this ref points to a node rendered by React, copy 'sectionRef.current' to a variable inside the effect, and use that variable in the cleanup function  react-hooks/exhaustive-deps


